<address></address>
<address><strong>test address1</strong><br />100 n. main st<br />apt 3<br />anywhere, new york 12345<br />T: 111.222.3333<br />F: 444.555.6666<br /><i class="icon-envelope"></i><a href="mailTo:testemail@testemail.notreal">testemail@testemail.notreal</a><br /></address>
<address>200 s. main st<br />nowhere, california<br /></address>
<address>100 Everywhere st<br />Detroit, Michigan<br /></address>
